{"user_agent_frequencies": [{"frequency": 1.0, "user_agent": "Mozilla/5.0 (X11; Linux x86_64) AppleWebKit/537.36 (KHTML, like Gecko) Chrome/49.0.2623.108 Safari/537.36"}], "click_link": [{"timestamp": 1459973676, "href": "http://google.com/"}, {"timestamp": 1459973682, "href": "https://example.com/"}], "youtube": [], "location_frequencies": [{"country": "ZZ", "frequency": 1.0}], "locale_frequencies": [{"locale": "en_US", "frequency": 1.0}], "assessments": [], "earned_certificate": false, "page_views": [{"item_id": null, "start": 1459973668, "end": 1459973673, "name": "course", "activities": [{"action": "enter-page", "timestamp": 1459973668}, {"action": "exit-page", "timestamp": 1459973673}]}, {"item_id": "2", "start": 1459973673, "end": 1459973681, "name": "lesson", "activities": [{"action": "enter-page", "timestamp": 1459973673}, {"action": "click-link", "timestamp": 1459973676}, {"action": "exit-page", "timestamp": 1459973681}]}, {"item_id": "3", "start": 1459973681, "name": "lesson", "activities": [{"action": "enter-page", "timestamp": 1459973681}, {"action": "click-link", "timestamp": 1459973682}]}]}
