[{"min_score": 0.0, "last_score": 44.0, "max_score": 187.0, "unit_id": "4", "first_score": 79.75, "lesson_id": "None", "submissions": [{"timestamp": 1421772579, "weighted_score": 79.75, "answers": [{"score": 0.5, "responses": ["1"], "weighted_score": 38.5, "question_id": "5066549580791808"}, {"score": 0.5, "responses": ["aa"], "weighted_score": 27.5, "question_id": "5629499534213120"}, {"score": 0.25, "responses": ["a"], "weighted_score": 5.5, "question_id": "5629499534213120"}, {"score": 0.25, "responses": ["0"], "weighted_score": 8.25, "question_id": "5066549580791808"}]}, {"timestamp": 1421772597, "weighted_score": 60.5, "answers": [{"score": 0.25, "responses": ["0"], "weighted_score": 19.25, "question_id": "5066549580791808"}, {"score": 0.25, "responses": ["a"], "weighted_score": 13.75, "question_id": "5629499534213120"}, {"score": 0.5, "responses": ["aa"], "weighted_score": 11.0, "question_id": "5629499534213120"}, {"score": 0.5, "responses": ["1"], "weighted_score": 16.5, "question_id": "5066549580791808"}]}, {"timestamp": 1421772610, "weighted_score": 46.75, "answers": [{"score": 0.25, "responses": ["0"], "weighted_score": 19.25, "question_id": "5066549580791808"}, {"score": 0.25, "responses": ["a"], "weighted_score": 13.75, "question_id": "5629499534213120"}, {"score": 0.25, "responses": ["a"], "weighted_score": 5.5, "question_id": "5629499534213120"}, {"score": 0.25, "responses": ["0"], "weighted_score": 8.25, "question_id": "5066549580791808"}]}, {"timestamp": 1421772621, "weighted_score": 0.0, "answers": [{"score": 0.0, "responses": [], "weighted_score": 0.0, "question_id": "5066549580791808"}, {"score": 0.0, "responses": [""], "weighted_score": 0.0, "question_id": "5629499534213120"}, {"score": 0.0, "responses": [""], "weighted_score": 0.0, "question_id": "5629499534213120"}, {"score": 0.0, "responses": [], "weighted_score": 0.0, "question_id": "5066549580791808"}]}, {"timestamp": 1421772632, "weighted_score": 187.0, "answers": [{"score": 1.0, "responses": ["2"], "weighted_score": 77.0, "question_id": "5066549580791808"}, {"score": 1.0, "responses": ["aaa"], "weighted_score": 55.0, "question_id": "5629499534213120"}, {"score": 1.0, "responses": ["aaa"], "weighted_score": 22.0, "question_id": "5629499534213120"}, {"score": 1.0, "responses": ["2"], "weighted_score": 33.0, "question_id": "5066549580791808"}]}, {"timestamp": 1421772651, "weighted_score": 44.0, "answers": [{"score": 0.0, "responses": [], "weighted_score": 0.0, "question_id": "5066549580791808"}, {"score": 0.5, "responses": ["aa"], "weighted_score": 27.5, "question_id": "5629499534213120"}, {"score": 0.0, "responses": [""], "weighted_score": 0.0, "question_id": "5629499534213120"}, {"score": 0.5, "responses": ["1"], "weighted_score": 16.5, "question_id": "5066549580791808"}]}]}]
