[
    {
      "video_id": "XJk8ijAUCiI",
      "events": [
        {
          "action": "playing",
          "position": 0,
          "timestamp": 1423698495
        },
        {
          "action": "ended",
          "position": 11,
          "timestamp": 1423698506
        }
      ]
    },
    {
      "video_id": "Kdg2drcUjYI",
      "events": [
        {
          "action": "playing",
          "position": 0,
          "timestamp": 1423698536
        },
        {
          "action": "playing",
          "position": 2,
          "timestamp": 1423698539
        }
      ]
    },
    {
      "video_id": "Kdg2drcUjYI",
      "events": [
        {
          "action": "playing",
          "position": 0,
          "timestamp": 1423698545
        },
        {
          "action": "ended",
          "position": 21,
          "timestamp": 1423698566
        }
      ]
    },
    {
      "video_id": "XJk8ijAUCiI",
      "events": [
        {
          "action": "playing",
          "position": 0,
          "timestamp": 1423698592
        }
      ]
    },
    {
      "video_id": "Kdg2drcUjYI",
      "events": [
        {
          "action": "playing",
          "position": 0,
          "timestamp": 1423698598
        },
        {
          "action": "ended",
          "position": 21,
          "timestamp": 1423698619
        }
      ]
    },
    {
      "video_id": "XJk8ijAUCiI",
      "events": [
        {
          "action": "playing",
          "position": 4,
          "timestamp": 1423698622
        },
        {
          "action": "ended",
          "position": 11,
          "timestamp": 1423698629
        }
      ]
    }
]
