[{"country": "DE", "frequency": 0.125}, {"country": "ES", "frequency": 0.125}, {"country": "AR", "frequency": 0.25}, {"country": "US", "frequency": 0.5}]
