[{"locale": "de_DE", "frequency": 0.125}, {"locale": "es_ES", "frequency": 0.125}, {"locale": "en_US", "frequency": 0.5}, {"locale": "es_AR", "frequency": 0.25}]
