[
  {"user_agent": "Mozilla/5.0 (X11; Linux x86_64) AppleWebKit/537.36 (KHTML, like Gecko) Chrome/39.0.2171.95 Safari/537.36", "frequency": 0.125},
  {"user_agent": "Mozilla/5.0 (Linux; U; Android 4.0.3; ko-kr; LG-L160L Build/IML74K) AppleWebkit/534.30 (KHTML, like Gecko) Version/4.0 Mobile Safari/534.30", "frequency": 0.125},
  {"user_agent": "Opera/9.80 (X11; Linux i686; Ubuntu/14.10) Presto/2.12.388 Version/12.16", "frequency": 0.25},
  {"user_agent": "Mozilla/5.0 (X11; Linux i586; rv:31.0) Gecko/20100101 Firefox/31.0", "frequency": 0.5}
]
