[{"item_id": "2",
 "start": 1421196410,
 "end": 1421196440,
 "name": "lesson",
 "activities": [{"action": "enter-page",
                 "timestamp": 1421196410},
                 {"action": "tag-youtube-event",
                 "timestamp": 1421196416},
                 {"action": "tag-youtube-event",
                 "timestamp": 1421196421},
                 {"action": "tag-youtube-event",
                 "timestamp": 1421196429},
                 {"action": "tag-youtube-event",
                 "timestamp": 1421196439},
                 {"action": "exit-page",
                 "timestamp": 1421196440}]},
 {"item_id": null,
 "start": 1421196440,
 "end": 1421196442,
 "name": "course",
 "activities": [{"action": "enter-page",
                 "timestamp": 1421196440},
                 {"action": "exit-page",
                 "timestamp": 1421196442}]},
 {"item_id": "3",
 "start": 1421196442,
 "end": 1421196444,
 "name": "assessment",
 "activities": [{"action": "enter-page",
                 "timestamp": 1421196442},
                {"action": "exit-page",
                 "timestamp": 1421196444}]},
 {"item_id": null,
 "start": 1421196445,
 "end": 1421196446,
 "name": "answer",
 "activities": [{"action": "enter-page",
                 "timestamp": 1421196445},
                 {"action": "exit-page",
                 "timestamp": 1421196446}]},
 {"item_id": null,
 "start": 1421196446,
 "end": 1421196447,
 "name": "course",
 "activities": [{"action": "enter-page",
                 "timestamp": 1421196446},
                 {"action": "exit-page",
                 "timestamp": 1421196447}]},
 {"item_id": null,
 "start": 1421196450,
 "end": 1421196451,
 "name": "course",
 "activities": [{"action": "enter-page",
                 "timestamp": 1421196450},
                 {"action": "exit-page",
                 "timestamp": 1421196451}]},
 {"item_id": "6",
 "start": 1421196451,
 "end": 1421196453,
 "name": "assessment",
 "activities": [{"action": "enter-page",
                 "timestamp": 1421196451},
                 {"action": "exit-page",
                 "timestamp": 1421196453}]},
 {"item_id": null,
 "start": 1421196453,
 "end": 1421196455,
 "name": "answer",
 "activities": [{"action": "enter-page",
                 "timestamp": 1421196453},
                 {"action": "exit-page",
                 "timestamp": 1421196455}]},
 {"item_id": null,
 "start": 1421196455,
 "end": 1421196458,
 "name": "course",
 "activities": [{"action": "enter-page",
                 "timestamp": 1421196455},
                 {"action": "exit-page",
                 "timestamp": 1421196458}]},
 {"item_id": "6",
 "start": 1421196458,
 "end": 1421196461,
 "name": "assessment",
 "activities": [{"action": "enter-page",
                 "timestamp": 1421196458},
                 {"action": "exit-page",
                 "timestamp": 1421196461}]},
 {"item_id": null,
 "start": 1421196461,
 "end": 1421196462,
 "name": "course",
 "activities": [{"action": "enter-page",
                 "timestamp": 1421196461},
                 {"action": "exit-page",
                 "timestamp": 1421196462}]},
 {"item_id": "3",
 "start": 1421196463,
 "end": 1421196464,
 "name": "assessment",
 "activities": [{"action": "enter-page",
                 "timestamp": 1421196463},
                 {"action": "exit-page",
                 "timestamp": 1421196464}]},
 {"item_id": null,
 "start": 1421196464,
 "name": "course",
 "activities": [{"action": "enter-page",
                 "timestamp": 1421196464}]}]
