[
    {
        "submissions":[
            {
                "timestamp":1421272304,
                "weighted_score":1.25,
                "answers":[
                    {
                        "score":0.25,
                        "responses":[
                            "a"
                        ],
                        "weighted_score":1.25,
                        "question_id":"5629499534213120"
                    }
                ]
            },
            {
                "timestamp":1421272305,
                "weighted_score":1.75,
                "answers":[
                    {
                        "score":0.25,
                        "responses":[
                            "0"
                        ],
                        "weighted_score":1.75,
                        "question_id":"5066549580791808"
                    }
                ]
            },
            {
                "timestamp":1421272306,
                "weighted_score":1.25,
                "answers":[
                    {
                        "score":0.25,
                        "responses":[
                            "a"
                        ],
                        "weighted_score":0.5,
                        "question_id":"5629499534213120"
                    },
                    {
                        "score":0.25,
                        "responses":[
                            "0"
                        ],
                        "weighted_score":0.75,
                        "question_id":"5066549580791808"
                    }
                ]
            }
        ],
        "unit_id":"1",
        "lesson_id":"2"
    },
    {
        "min_score":8.5,
        "last_score":8.5,
        "max_score":8.5,
        "unit_id":"1",
        "first_score":8.5,
        "lesson_id":"3",
        "submissions":[
            {
                "timestamp":1421272318,
                "weighted_score":8.5,
                "answers":[
                    {
                        "score":0.5,
                        "responses":[
                            "1"
                        ],
                        "weighted_score":3.5,
                        "question_id":"5066549580791808"
                    },
                    {
                        "score":0.5,
                        "responses":[
                            "aa"
                        ],
                        "weighted_score":1.0,
                        "question_id":"5629499534213120"
                    },
                    {
                        "score":0.5,
                        "responses":[
                            "1"
                        ],
                        "weighted_score":1.5,
                        "question_id":"5066549580791808"
                    },
                    {
                        "score":0.5,
                        "responses":[
                            "aa"
                        ],
                        "weighted_score":2.5,
                        "question_id":"5629499534213120"
                    }
                ]
            }
        ]
    },
    {
        "min_score":187.0,
        "last_score":187.0,
        "max_score":187.0,
        "unit_id":"4",
        "first_score":187.0,
        "lesson_id":"None",
        "submissions":[
            {
                "timestamp":1421272334,
                "weighted_score":187.0,
                "answers":[
                    {
                        "score":1.0,
                        "responses":[
                            "2"
                        ],
                        "weighted_score":77.0,
                        "question_id":"5066549580791808"
                    },
                    {
                        "score":1.0,
                        "responses":[
                            "aaa"
                        ],
                        "weighted_score":55.0,
                        "question_id":"5629499534213120"
                    },
                    {
                        "score":1.0,
                        "responses":[
                            "aaa"
                        ],
                        "weighted_score":22.0,
                        "question_id":"5629499534213120"
                    },
                    {
                        "score":1.0,
                        "responses":[
                            "2"
                        ],
                        "weighted_score":33.0,
                        "question_id":"5066549580791808"
                    }
                ]
            }
        ]
    }
]
