[{"submissions": [{"timestamp": 1421289955, "weighted_score": 0.25, "answers": [{"score": 0.25, "responses": ["0"], "weighted_score": 0.25, "question_id": "5066549580791808"}]}, {"timestamp": 1421289957, "weighted_score": 0.25, "answers": [{"score": 0.25, "responses": ["0"], "weighted_score": 0.25, "question_id": "5452478162141184"}]}, {"timestamp": 1421289959, "weighted_score": 0.25, "answers": [{"score": 0.25, "responses": ["g"], "weighted_score": 0.25, "question_id": "6015428115562496"}]}, {"timestamp": 1421289960, "weighted_score": 0.25, "answers": [{"score": 0.25, "responses": ["0"], "weighted_score": 0.25, "question_id": "4889528208719872"}]}, {"timestamp": 1421289966, "weighted_score": 0.25, "answers": [{"score": 0.25, "responses": ["a"], "weighted_score": 0.25, "question_id": "5629499534213120"}]}, {"timestamp": 1421289967, "weighted_score": 1.25, "answers": [{"score": 0.25, "responses": ["a"], "weighted_score": 0.5, "question_id": "5629499534213120"}, {"score": 0.25, "responses": ["0"], "weighted_score": 0.75, "question_id": "5066549580791808"}]}], "unit_id": "1", "lesson_id": "2"}, {"min_score": 60.0, "last_score": 60.0, "max_score": 60.0, "unit_id": "4", "first_score": 60.0, "lesson_id": "None", "submissions": [{"timestamp": 1421290027, "weighted_score": 60.0, "answers": [{"score": 1.0, "responses": ["aaa"], "weighted_score": 23.0, "question_id": "5629499534213120"}, {"score": 1.0, "responses": ["2"], "weighted_score": 5.0, "question_id": "5066549580791808"}, {"score": 1.0, "responses": ["ggg"], "weighted_score": 9.0, "question_id": "6015428115562496"}, {"score": 1.0, "responses": ["aaa"], "weighted_score": 2.0, "question_id": "5629499534213120"}, {"score": 1.0, "responses": ["2"], "weighted_score": 3.0, "question_id": "5066549580791808"}, {"score": 1.0, "responses": ["2"], "weighted_score": 7.0, "question_id": "5452478162141184"}, {"score": 1.0, "responses": ["2"], "weighted_score": 11.0, "question_id": "4889528208719872"}]}]}, {"min_score": 30.0, "last_score": 30.0, "max_score": 30.0, "unit_id": "1", "first_score": 30.0, "lesson_id": "3", "submissions": [{"timestamp": 1421289996, "weighted_score": 30.0, "answers": [{"score": 0.5, "responses": ["aa"], "weighted_score": 11.5, "question_id": "5629499534213120"}, {"score": 0.5, "responses": ["1"], "weighted_score": 2.5, "question_id": "5066549580791808"}, {"score": 0.5, "responses": ["1"], "weighted_score": 3.5, "question_id": "5452478162141184"}, {"score": 0.5, "responses": ["gg"], "weighted_score": 4.5, "question_id": "6015428115562496"}, {"score": 0.5, "responses": ["aa"], "weighted_score": 1.0, "question_id": "5629499534213120"}, {"score": 0.5, "responses": ["1"], "weighted_score": 1.5, "question_id": "5066549580791808"}, {"score": 0.5, "responses": ["1"], "weighted_score": 5.5, "question_id": "4889528208719872"}]}]}]
